// Jest Snapshot v1, https://goo.gl/fbAQLP

exports[`Pagination render component 1`] = `
"<div className='__CLASSNAME__ pagination'>
  <button type='button' className='pagination__number' onClick={[Function: onClick]}>
    «
  </button>
  <button type='button' className='pagination__number pagination__number--active' onClick={[Function: onClick]}>
    1
  </button>
  <button type='button' className='pagination__number' onClick={[Function: onClick]}>
    2
  </button>
  <button type='button' className='pagination__number' onClick={[Function: onClick]}>
    3
  </button>
  <button type='button' className='pagination__number' onClick={[Function: onClick]}>
    4
  </button>
  <button type='button' className='pagination__number' onClick={[Function: onClick]}>
    5
  </button>
  <button type='button' className='pagination__number' onClick={[Function: onClick]}>
    6
  </button>
  <button type='button' className='pagination__number' onClick={[Function: onClick]}>
    7
  </button>
  <button type='button' className='pagination__number' onClick={[Function: onClick]}>
    8
  </button>
  <button type='button' className='pagination__number' onClick={[Function: onClick]}>
    9
  </button>
  <button type='button' className='pagination__number' onClick={[Function: onClick]}>
    10
  </button>
  <button type='button' className='pagination__number' onClick={[Function: onClick]}>
    »
  </button>
</div>"
`;
