// Jest Snapshot v1, https://goo.gl/fbAQLP

exports[`Rating render component 1`] = `
"<div className='__CLASSNAME__ rating'>
  <div className='rating__stars'>
    <span className='rating__star rating__star--filled'>
      ★
    </span>
    <span className='rating__star rating__star--filled'>
      ★
    </span>
    <span className='rating__star rating__star--filled'>
      ★
    </span>
    <span className='rating__star'>
      ★
    </span>
    <span className='rating__star'>
      ★
    </span>
  </div>
  <span className='rating__info'>
    3.2
    <small>
       /5
    </small>
  </span>
</div>"
`;
